Screen.hpp:104:18:virtual void touchgfx::Screen::afterTransition()	0	static
Screen.hpp:154:18:virtual void touchgfx::Screen::handleKeyEvent(uint8_t)	0	static
DEBUGView.cpp:18:6:virtual void DEBUGView::tearDownScreen()	0	static
DEBUGView.hpp:20:10:DEBUGView::~DEBUGView()	8	static
DEBUGView.hpp:20:10:virtual DEBUGView::~DEBUGView()	8	static
Drawable.hpp:343:10:void touchgfx::Drawable::setXY(int16_t, int16_t)	16	static
Drawable.hpp:588:18:virtual void touchgfx::Drawable::moveTo(int16_t, int16_t)	4	static
Box.hpp:97:18:virtual void touchgfx::Box::invalidateContent() const	0	static
DEBUGView.cpp:11:1:DEBUGView::DEBUGView()	8	static
FadeAnimator.hpp:122:10:void touchgfx::FadeAnimator<T>::startFadeAnimation(uint8_t, uint16_t, touchgfx::EasingEquation) [with T = touchgfx::Box]	24	static
DEBUGView.cpp:22:6:virtual void DEBUGView::TransitionBegin_Debug()	8	static
DEBUGView.cpp:31:6:virtual void DEBUGView::TransitionEnd_Debug()	8	static
MoveAnimator.hpp:177:10:void touchgfx::MoveAnimator<T>::nextMoveAnimationStep() [with T = Telemetry_PopUp]	24	static
MoveAnimator.hpp:177:10:void touchgfx::MoveAnimator<T>::nextMoveAnimationStep() [with T = Datalogger_PopUp]	24	static
MoveAnimator.hpp:177:10:void touchgfx::MoveAnimator<T>::nextMoveAnimationStep() [with T = BMS_PopUp]	24	static
MoveAnimator.hpp:177:10:void touchgfx::MoveAnimator<T>::nextMoveAnimationStep() [with T = ECU_PopUp]	24	static
DEBUGView.cpp:14:6:virtual void DEBUGView::setupScreen()	0	static
DEBUGView.cpp:37:6:virtual void DEBUGView::Telemetry_PopUp_Begin()	16	static
DEBUGView.cpp:53:6:virtual void DEBUGView::Telemetry_PopUp_End()	16	static
DEBUGView.cpp:66:6:virtual void DEBUGView::Datalogger_PopUp_Begin()	16	static
DEBUGView.cpp:82:6:virtual void DEBUGView::Datalogger_PopUp_End()	16	static
DEBUGView.cpp:95:6:virtual void DEBUGView::BMS_PopUp_Begin()	16	static
DEBUGView.cpp:111:6:virtual void DEBUGView::BMS_PopUp_End()	16	static
DEBUGView.cpp:124:6:virtual void DEBUGView::ECU_PopUp_Begin()	16	static
DEBUGView.cpp:140:6:virtual void DEBUGView::ECU_PopUp_End()	16	static
DEBUGView.cpp:153:6:virtual void DEBUGView::LORA_Begin()	16	static
DEBUGView.cpp:169:6:virtual void DEBUGView::LORA_End()	16	static
DEBUGView.cpp:245:6:void DEBUGView::setIcon_LoRa(LoRa_Status_t)	16	static
DEBUGView.cpp:262:6:void DEBUGView::setIcon_PopUp(uint8_t)	24	static
DEBUGView.cpp:182:6:virtual void DEBUGView::updateTick()	40	static
