../../CM7/../../CM7/Middlewares/ST/touchgfx/framework/include/mvp/Presenter.hpp:37:18:virtual void touchgfx::Presenter::activate()	16	static
../../CM7/../../CM7/Middlewares/ST/touchgfx/framework/include/mvp/Presenter.hpp:47:18:virtual void touchgfx::Presenter::deactivate()	16	static
../../CM7/../../CM7/Middlewares/ST/touchgfx/framework/include/mvp/Presenter.hpp:52:13:touchgfx::Presenter::~Presenter()	16	static
../../CM7/../../CM7/Middlewares/ST/touchgfx/framework/include/mvp/Presenter.hpp:52:13:virtual touchgfx::Presenter::~Presenter()	16	static
../../CM7/../../CM7/Middlewares/ST/touchgfx/framework/include/mvp/Presenter.hpp:58:5:touchgfx::Presenter::Presenter()	16	static
../../CM7/../../CM7/TouchGFX/gui/include/gui/model/ModelListener.hpp:9:5:ModelListener::ModelListener()	16	static
../../CM7/../../CM7/TouchGFX/gui/include/gui/model/ModelListener.hpp:11:13:ModelListener::~ModelListener()	16	static
../../CM7/../../CM7/TouchGFX/gui/include/gui/model/ModelListener.hpp:11:13:virtual ModelListener::~ModelListener()	16	static
../../CM7/../../CM7/TouchGFX/gui/include/gui/model/ModelListener.hpp:17:18:virtual void ModelListener::updateTick()	16	static
../../CM7/../../CM7/TouchGFX/gui/include/gui/debug_screen/DEBUGPresenter.hpp:28:13:DEBUGPresenter::~DEBUGPresenter()	16	static
../../CM7/../../CM7/TouchGFX/gui/include/gui/debug_screen/DEBUGPresenter.hpp:28:13:virtual DEBUGPresenter::~DEBUGPresenter()	16	static
C:/dev/tesla/Display_NK624/CM7/TouchGFX/gui/src/debug_screen/DEBUGPresenter.cpp:4:1:DEBUGPresenter::DEBUGPresenter(DEBUGView&)	16	static
C:/dev/tesla/Display_NK624/CM7/TouchGFX/gui/src/debug_screen/DEBUGPresenter.cpp:10:6:virtual void DEBUGPresenter::activate()	16	static
C:/dev/tesla/Display_NK624/CM7/TouchGFX/gui/src/debug_screen/DEBUGPresenter.cpp:15:6:virtual void DEBUGPresenter::deactivate()	16	static
C:/dev/tesla/Display_NK624/CM7/TouchGFX/gui/src/debug_screen/DEBUGPresenter.cpp:20:6:virtual void DEBUGPresenter::updateTick()	16	static
