TypedTextDatabase.cpp:349:43:const touchgfx::TypedText::TypedTextData* TypedTextDatabase::getInstance(touchgfx::LanguageId)	0	static
TypedTextDatabase.cpp:354:10:uint16_t TypedTextDatabase::getInstanceSize()	0	static
TypedTextDatabase.cpp:359:24:const touchgfx::Font** TypedTextDatabase::getFonts()	0	static
TypedTextDatabase.cpp:364:23:const touchgfx::Font* TypedTextDatabase::setFont(touchgfx::FontId, const touchgfx::Font*)	0	static
TypedTextDatabase.cpp:371:6:void TypedTextDatabase::resetFont(touchgfx::FontId)	8	static
TypedTextDatabase.cpp:401:1:cpp)	8	static
