Screen.hpp:104:18:virtual void touchgfx::Screen::afterTransition()	0	static
Screen.hpp:154:18:virtual void touchgfx::Screen::handleKeyEvent(uint8_t)	0	static
DRIVERView.cpp:19:6:virtual void DRIVERView::tearDownScreen()	0	static
DRIVERView.hpp:27:10:DRIVERView::~DRIVERView()	8	static
DRIVERView.hpp:27:10:virtual DRIVERView::~DRIVERView()	8	static
Drawable.hpp:343:10:void touchgfx::Drawable::setXY(int16_t, int16_t)	16	static
Box.hpp:97:18:virtual void touchgfx::Box::invalidateContent() const	0	static
DRIVERView.cpp:12:1:DRIVERView::DRIVERView()	8	static
FadeAnimator.hpp:122:10:void touchgfx::FadeAnimator<T>::startFadeAnimation(uint8_t, uint16_t, touchgfx::EasingEquation) [with T = touchgfx::Box]	24	static
DRIVERView.cpp:23:6:virtual void DRIVERView::TransitionEnd_Driver()	8	static
DRIVERView.cpp:15:6:virtual void DRIVERView::setupScreen()	0	static
DRIVERView.cpp:42:6:virtual void DRIVERView::LORA_Begin()	16	static
DRIVERView.cpp:58:6:virtual void DRIVERView::LORA_End()	16	static
DRIVERView.cpp:29:6:virtual void DRIVERView::TransitionBegin_Driver()	8	static
DRIVERView.cpp:124:6:void DRIVERView::setIcon_LoRa(LoRa_Status_t)	16	static
DRIVERView.cpp:141:6:void DRIVERView::setIcon_Modo(Modo_t)	16	static
DRIVERView.cpp:173:6:void DRIVERView::setIcon_PopUp(uint8_t)	24	static
DRIVERView.cpp:71:6:virtual void DRIVERView::updateTick()	32	static
