../../CM7/../../CM7/Middlewares/ST/touchgfx/framework/include/touchgfx/Drawable.hpp:147:23:virtual touchgfx::Drawable* touchgfx::Drawable::getFirstChild()	0	static
../../CM7/../../CM7/Middlewares/ST/touchgfx/framework/include/touchgfx/Drawable.hpp:315:18:virtual void touchgfx::Drawable::setX(int16_t)	0	static
../../CM7/../../CM7/Middlewares/ST/touchgfx/framework/include/touchgfx/Drawable.hpp:327:18:virtual void touchgfx::Drawable::setY(int16_t)	0	static
../../CM7/../../CM7/Middlewares/ST/touchgfx/framework/include/touchgfx/Drawable.hpp:356:18:virtual void touchgfx::Drawable::setWidth(int16_t)	0	static
../../CM7/../../CM7/Middlewares/ST/touchgfx/framework/include/touchgfx/Drawable.hpp:368:18:virtual void touchgfx::Drawable::setHeight(int16_t)	0	static
../../CM7/../../CM7/Middlewares/ST/touchgfx/framework/include/touchgfx/Drawable.hpp:378:18:virtual void touchgfx::Drawable::childGeometryChanged()	0	static
../../CM7/../../CM7/Middlewares/ST/touchgfx/framework/include/touchgfx/Drawable.hpp:389:18:virtual void touchgfx::Drawable::handleClickEvent(const touchgfx::ClickEvent&)	0	static
../../CM7/../../CM7/Middlewares/ST/touchgfx/framework/include/touchgfx/Drawable.hpp:401:18:virtual void touchgfx::Drawable::handleGestureEvent(const touchgfx::GestureEvent&)	0	static
../../CM7/../../CM7/Middlewares/ST/touchgfx/framework/include/touchgfx/Drawable.hpp:490:18:virtual void touchgfx::Drawable::handleDragEvent(const touchgfx::DragEvent&)	0	static
../../CM7/../../CM7/Middlewares/ST/touchgfx/framework/include/touchgfx/Drawable.hpp:501:18:virtual void touchgfx::Drawable::handleTickEvent()	0	static
../../CM7/../../CM7/Middlewares/ST/touchgfx/framework/include/touchgfx/Drawable.hpp:588:18:virtual void touchgfx::Drawable::moveTo(int16_t, int16_t)	4	static
../../CM7/../../CM7/Middlewares/ST/touchgfx/framework/include/touchgfx/Drawable.hpp:703:18:virtual void touchgfx::Drawable::setupDrawChain(const touchgfx::Rect&, touchgfx::Drawable**)	0	static
../../CM7/../../CM7/Middlewares/ST/touchgfx/framework/include/touchgfx/containers/Container.hpp:165:23:virtual touchgfx::Drawable* touchgfx::Container::getFirstChild()	0	static
../../CM7/../../CM7/Middlewares/ST/touchgfx/framework/include/touchgfx/TypedText.hpp:65:13:touchgfx::TypedText::~TypedText()	0	static
../../CM7/../../CM7/Middlewares/ST/touchgfx/framework/include/touchgfx/widgets/TextArea.hpp:48:18:virtual void touchgfx::TextArea::setWidth(int16_t)	32	static
../../CM7/../../CM7/Middlewares/ST/touchgfx/framework/include/touchgfx/widgets/TextArea.hpp:54:18:virtual void touchgfx::TextArea::setHeight(int16_t)	32	static
../../CM7/../../CM7/Middlewares/ST/touchgfx/framework/include/touchgfx/widgets/TextArea.hpp:60:18:virtual touchgfx::Rect touchgfx::TextArea::getSolidRect() const	0	static
../../CM7/../../CM7/Middlewares/ST/touchgfx/framework/include/touchgfx/widgets/TextArea.hpp:89:18:virtual void touchgfx::TextArea::setAlpha(uint8_t)	0	static
../../CM7/../../CM7/Middlewares/ST/touchgfx/framework/include/touchgfx/widgets/TextArea.hpp:127:18:virtual void touchgfx::TextArea::setXBaselineY(int16_t, int16_t)	16	static
../../CM7/../../CM7/Middlewares/ST/touchgfx/framework/include/touchgfx/widgets/TextArea.hpp:403:41:virtual const touchgfx::Unicode::UnicodeChar* touchgfx::TextArea::getWildcard2() const	0	static
../../CM7/../../CM7/Middlewares/ST/touchgfx/framework/include/touchgfx/widgets/TextAreaWithWildcard.hpp:84:41:virtual const touchgfx::Unicode::UnicodeChar* touchgfx::TextAreaWithOneWildcard::getWildcard1() const	0	static
../../CM7/../../CM7/Middlewares/ST/touchgfx/framework/include/touchgfx/containers/Slider.hpp:180:21:virtual int16_t touchgfx::Slider::getIndicatorMin() const	0	static
../../CM7/../../CM7/Middlewares/ST/touchgfx/framework/include/touchgfx/containers/Slider.hpp:193:21:virtual int16_t touchgfx::Slider::getIndicatorMax() const	0	static
../../CM7/../../CM7/Middlewares/ST/touchgfx/framework/include/touchgfx/containers/Slider.hpp:220:21:virtual int16_t touchgfx::Slider::getMinValue() const	0	static
../../CM7/../../CM7/Middlewares/ST/touchgfx/framework/include/touchgfx/containers/Slider.hpp:232:21:virtual int16_t touchgfx::Slider::getMaxValue() const	0	static
../../CM7/../../CM7/Middlewares/ST/touchgfx/framework/include/touchgfx/widgets/AbstractButton.hpp:86:18:virtual bool touchgfx::AbstractButton::getPressedState() const	0	static
../../CM7/../../CM7/TouchGFX/generated/gui_generated/include/gui_generated/containers/LoRA_PopUpBase.hpp:28:18:virtual void LoRA_PopUpBase::LoRa_Config_Begin()	0	static
../../CM7/../../CM7/TouchGFX/generated/gui_generated/include/gui_generated/containers/LoRA_PopUpBase.hpp:32:18:virtual void LoRA_PopUpBase::LoRa_Config_End()	0	static
../../CM7/../../CM7/TouchGFX/generated/gui_generated/include/gui_generated/containers/LoRA_PopUpBase.hpp:36:18:virtual void LoRA_PopUpBase::LoRa_Config_Set_Position()	0	static
C:/TouchGFXProjects/Display_NK624/CM7/TouchGFX/generated/gui_generated/src/containers/LoRA_PopUpBase.cpp:137:1:LoRA_PopUpBase::~LoRA_PopUpBase()	0	static
C:/TouchGFXProjects/Display_NK624/CM7/TouchGFX/generated/gui_generated/src/containers/LoRA_PopUpBase.cpp:142:6:virtual void LoRA_PopUpBase::initialize()	0	static
../../CM7/../../CM7/Middlewares/ST/touchgfx/framework/include/touchgfx/mixins/MoveAnimator.hpp:37:7:touchgfx::MoveAnimator<touchgfx::Button>::~MoveAnimator()	0	static
../../CM7/../../CM7/Middlewares/ST/touchgfx/framework/include/touchgfx/Callback.hpp:357:8:touchgfx::Callback<LoRA_PopUpBase, const touchgfx::AbstractButton&>::~Callback()	0	static
../../CM7/../../CM7/Middlewares/ST/touchgfx/framework/include/touchgfx/mixins/FadeAnimator.hpp:41:7:touchgfx::FadeAnimator<touchgfx::MoveAnimator<touchgfx::Button> >::~FadeAnimator()	0	static
../../CM7/../../CM7/Middlewares/ST/touchgfx/framework/include/touchgfx/mixins/FadeAnimator.hpp:41:7:touchgfx::FadeAnimator<touchgfx::Button>::~FadeAnimator()	0	static
../../CM7/../../CM7/Middlewares/ST/touchgfx/framework/include/touchgfx/mixins/MoveAnimator.hpp:37:7:touchgfx::MoveAnimator<touchgfx::Slider>::~MoveAnimator()	0	static
../../CM7/../../CM7/Middlewares/ST/touchgfx/framework/include/touchgfx/widgets/TextAreaWithWildcard.hpp:62:7:touchgfx::TextAreaWithOneWildcard::~TextAreaWithOneWildcard()	0	static
../../CM7/../../CM7/Middlewares/ST/touchgfx/framework/include/touchgfx/Callback.hpp:386:18:void touchgfx::Callback<dest_type, T1, void, void>::execute(T1) [with dest_type = LoRA_PopUpBase; T1 = const touchgfx::AbstractButton&]	8	static
../../CM7/../../CM7/Middlewares/ST/touchgfx/framework/include/touchgfx/Callback.hpp:396:18:bool touchgfx::Callback<dest_type, T1, void, void>::isValid() const [with dest_type = LoRA_PopUpBase; T1 = const touchgfx::AbstractButton&]	0	static
../../CM7/../../CM7/Middlewares/ST/touchgfx/framework/include/touchgfx/mixins/MoveAnimator.hpp:88:18:void touchgfx::MoveAnimator<T>::setMoveAnimationDelay(uint16_t) [with T = touchgfx::Button]	0	static
../../CM7/../../CM7/Middlewares/ST/touchgfx/framework/include/touchgfx/mixins/MoveAnimator.hpp:100:22:uint16_t touchgfx::MoveAnimator<T>::getMoveAnimationDelay() const [with T = touchgfx::Button]	0	static
../../CM7/../../CM7/Middlewares/ST/touchgfx/framework/include/touchgfx/mixins/FadeAnimator.hpp:84:18:void touchgfx::FadeAnimator<T>::setFadeAnimationDelay(uint16_t) [with T = touchgfx::MoveAnimator<touchgfx::Button>]	0	static
../../CM7/../../CM7/Middlewares/ST/touchgfx/framework/include/touchgfx/mixins/FadeAnimator.hpp:96:22:uint16_t touchgfx::FadeAnimator<T>::getFadeAnimationDelay() const [with T = touchgfx::MoveAnimator<touchgfx::Button>]	0	static
../../CM7/../../CM7/Middlewares/ST/touchgfx/framework/include/touchgfx/mixins/FadeAnimator.hpp:84:18:void touchgfx::FadeAnimator<T>::setFadeAnimationDelay(uint16_t) [with T = touchgfx::Button]	0	static
../../CM7/../../CM7/Middlewares/ST/touchgfx/framework/include/touchgfx/mixins/FadeAnimator.hpp:96:22:uint16_t touchgfx::FadeAnimator<T>::getFadeAnimationDelay() const [with T = touchgfx::Button]	0	static
../../CM7/../../CM7/Middlewares/ST/touchgfx/framework/include/touchgfx/mixins/MoveAnimator.hpp:88:18:void touchgfx::MoveAnimator<T>::setMoveAnimationDelay(uint16_t) [with T = touchgfx::Slider]	0	static
../../CM7/../../CM7/Middlewares/ST/touchgfx/framework/include/touchgfx/mixins/MoveAnimator.hpp:100:22:uint16_t touchgfx::MoveAnimator<T>::getMoveAnimationDelay() const [with T = touchgfx::Slider]	0	static
../../CM7/../../CM7/Middlewares/ST/touchgfx/framework/include/touchgfx/TypedText.hpp:65:13:virtual touchgfx::TypedText::~TypedText()	8	static
../../CM7/../../CM7/Middlewares/ST/touchgfx/framework/include/touchgfx/widgets/TextAreaWithWildcard.hpp:62:7:virtual touchgfx::TextAreaWithOneWildcard::~TextAreaWithOneWildcard()	8	static
../../CM7/../../CM7/Middlewares/ST/touchgfx/framework/include/touchgfx/mixins/FadeAnimator.hpp:41:7:virtual touchgfx::FadeAnimator<touchgfx::Button>::~FadeAnimator()	8	static
../../CM7/../../CM7/Middlewares/ST/touchgfx/framework/include/touchgfx/mixins/MoveAnimator.hpp:37:7:virtual touchgfx::MoveAnimator<touchgfx::Button>::~MoveAnimator()	8	static
../../CM7/../../CM7/Middlewares/ST/touchgfx/framework/include/touchgfx/mixins/FadeAnimator.hpp:41:7:virtual touchgfx::FadeAnimator<touchgfx::MoveAnimator<touchgfx::Button> >::~FadeAnimator()	8	static
../../CM7/../../CM7/Middlewares/ST/touchgfx/framework/include/touchgfx/Callback.hpp:357:8:virtual touchgfx::Callback<LoRA_PopUpBase, const touchgfx::AbstractButton&>::~Callback()	8	static
../../CM7/../../CM7/Middlewares/ST/touchgfx/framework/include/touchgfx/mixins/MoveAnimator.hpp:37:7:virtual touchgfx::MoveAnimator<touchgfx::Slider>::~MoveAnimator()	8	static
C:/TouchGFXProjects/Display_NK624/CM7/TouchGFX/generated/gui_generated/src/containers/LoRA_PopUpBase.cpp:137:1:virtual LoRA_PopUpBase::~LoRA_PopUpBase()	8	static
../../CM7/../../CM7/Middlewares/ST/touchgfx/framework/include/touchgfx/Drawable.hpp:121:18:virtual void touchgfx::Drawable::invalidateContent() const	0	static
../../CM7/../../CM7/Middlewares/ST/touchgfx/framework/include/touchgfx/widgets/TextAreaWithWildcard.hpp:43:18:virtual void touchgfx::TextAreaWithWildcardBase::invalidateContent() const	8	static
../../CM7/../../CM7/Middlewares/ST/touchgfx/framework/include/touchgfx/widgets/Button.hpp:84:18:virtual void touchgfx::Button::invalidateContent() const	8	static
../../CM7/../../CM7/Middlewares/ST/touchgfx/framework/include/touchgfx/widgets/AbstractButton.hpp:73:18:virtual void touchgfx::AbstractButton::executeAction()	8	static
../../CM7/../../CM7/Middlewares/ST/touchgfx/framework/include/touchgfx/widgets/Widget.hpp:45:18:virtual void touchgfx::Widget::getLastChild(int16_t, int16_t, touchgfx::Drawable**)	0	static
C:/TouchGFXProjects/Display_NK624/CM7/TouchGFX/generated/gui_generated/src/containers/LoRA_PopUpBase.cpp:147:6:void LoRA_PopUpBase::buttonCallbackHandler(const touchgfx::AbstractButton&)	16	static
C:/TouchGFXProjects/Display_NK624/CM7/TouchGFX/generated/gui_generated/src/containers/LoRA_PopUpBase.cpp:171:6:virtual void LoRA_PopUpBase::handleTickEvent()	8	static
../../CM7/../../CM7/Middlewares/ST/touchgfx/framework/include/touchgfx/widgets/TextArea.hpp:111:18:virtual void touchgfx::TextArea::setBaselineY(int16_t)	16	static
../../CM7/../../CM7/Middlewares/ST/touchgfx/framework/include/touchgfx/mixins/FadeAnimator.hpp:157:18:void touchgfx::FadeAnimator<T>::handleTickEvent() [with T = touchgfx::Button]	16	static
../../CM7/../../CM7/Middlewares/ST/touchgfx/framework/include/touchgfx/mixins/MoveAnimator.hpp:169:18:void touchgfx::MoveAnimator<T>::handleTickEvent() [with T = touchgfx::Slider]	24	static
../../CM7/../../CM7/Middlewares/ST/touchgfx/framework/include/touchgfx/widgets/TextAreaWithWildcard.hpp:49:36:virtual touchgfx::TextArea::BoundingArea touchgfx::TextAreaWithWildcardBase::calculateBoundingArea() const	0	static
../../CM7/../../CM7/Middlewares/ST/touchgfx/framework/include/touchgfx/Drawable.hpp:343:10:void touchgfx::Drawable::setXY(int16_t, int16_t)	16	static
../../CM7/../../CM7/Middlewares/ST/touchgfx/framework/include/touchgfx/Drawable.hpp:233:10:void touchgfx::Drawable::setPosition(int16_t, int16_t, int16_t, int16_t)	16	static
../../CM7/../../CM7/Middlewares/ST/touchgfx/framework/include/touchgfx/widgets/Widget.hpp:36:7:touchgfx::Widget::Widget()	0	static
../../CM7/../../CM7/Middlewares/ST/touchgfx/framework/include/touchgfx/widgets/Image.hpp:50:5:touchgfx::Image::Image(const touchgfx::Bitmap&)	16	static
../../CM7/../../CM7/Middlewares/ST/touchgfx/framework/include/touchgfx/widgets/TextAreaWithWildcard.hpp:65:5:touchgfx::TextAreaWithOneWildcard::TextAreaWithOneWildcard()	8	static
../../CM7/../../CM7/Middlewares/ST/touchgfx/framework/include/touchgfx/widgets/AbstractButton.hpp:36:5:touchgfx::AbstractButton::AbstractButton()	8	static
../../CM7/../../CM7/Middlewares/ST/touchgfx/framework/include/touchgfx/mixins/FadeAnimator.hpp:44:5:touchgfx::FadeAnimator<T>::FadeAnimator() [with T = touchgfx::MoveAnimator<touchgfx::Button>]	8	static
C:/TouchGFXProjects/Display_NK624/CM7/TouchGFX/generated/gui_generated/src/containers/LoRA_PopUpBase.cpp:9:1:LoRA_PopUpBase::LoRA_PopUpBase()	144	static
../../CM7/../../CM7/Middlewares/ST/touchgfx/framework/include/touchgfx/mixins/MoveAnimator.hpp:177:10:void touchgfx::MoveAnimator<T>::nextMoveAnimationStep() [with T = touchgfx::Button]	24	static
../../CM7/../../CM7/Middlewares/ST/touchgfx/framework/include/touchgfx/mixins/MoveAnimator.hpp:169:18:void touchgfx::MoveAnimator<T>::handleTickEvent() [with T = touchgfx::Button]	8	static
../../CM7/../../CM7/Middlewares/ST/touchgfx/framework/include/touchgfx/mixins/FadeAnimator.hpp:157:18:void touchgfx::FadeAnimator<T>::handleTickEvent() [with T = touchgfx::MoveAnimator<touchgfx::Button>]	16	static
