ModelListener.hpp:17:18:virtual void ModelListener::updateTick()	0	static
ANIMATIONPresenter.hpp:28:13:ANIMATIONPresenter::~ANIMATIONPresenter()	0	static
ANIMATIONPresenter.cpp:10:6:virtual void ANIMATIONPresenter::activate()	0	static
ANIMATIONPresenter.hpp:28:13:virtual ANIMATIONPresenter::~ANIMATIONPresenter()	8	static
ANIMATIONPresenter.hpp:28:13:virtual void* ANIMATIONPresenter::_ZThn4_N18ANIMATIONPresenterD1Ev()	0	static
ANIMATIONPresenter.cpp:4:1:ANIMATIONPresenter::ANIMATIONPresenter(ANIMATIONView&)	8	static
