../../../CM7/TouchGFX/target/generated/HardwareMJPEGDecoder.hpp:62:22:virtual uint32_t HardwareMJPEGDecoder::getCurrentFrameNumber() const	0	static
../../../CM7/TouchGFX/target/generated/HardwareMJPEGDecoder.hpp:69:23:virtual MJPEGDecoder::AVIErrors HardwareMJPEGDecoder::getLastError()	0	static
C:/TouchGFXProjects/Display_NK624/CM7/TouchGFX/target/generated/HardwareMJPEGDecoder.cpp:281:6:virtual bool HardwareMJPEGDecoder::hasVideo()	0	static
C:/TouchGFXProjects/Display_NK624/CM7/TouchGFX/target/generated/HardwareMJPEGDecoder.cpp:477:10:virtual uint32_t HardwareMJPEGDecoder::getNumberOfFrames()	0	static
C:/TouchGFXProjects/Display_NK624/CM7/TouchGFX/target/generated/HardwareMJPEGDecoder.cpp:482:6:virtual void HardwareMJPEGDecoder::setRepeatVideo(bool)	0	static
C:/TouchGFXProjects/Display_NK624/CM7/TouchGFX/target/generated/HardwareMJPEGDecoder.cpp:487:6:virtual void HardwareMJPEGDecoder::getVideoInfo(touchgfx::VideoInformation*)	8	static
../../../CM7/TouchGFX/target/generated/HardwareMJPEGDecoder.hpp:45:7:HardwareMJPEGDecoder::~HardwareMJPEGDecoder()	0	static
C:/TouchGFXProjects/Display_NK624/CM7/TouchGFX/target/generated/HardwareMJPEGDecoder.cpp:451:6:virtual bool HardwareMJPEGDecoder::decodeThumbnail(uint32_t, uint8_t*, uint16_t, uint16_t)	8	static
../../../CM7/TouchGFX/target/generated/HardwareMJPEGDecoder.hpp:45:7:virtual HardwareMJPEGDecoder::~HardwareMJPEGDecoder()	8	static
C:/TouchGFXProjects/Display_NK624/CM7/TouchGFX/target/generated/HardwareMJPEGDecoder.cpp:84:1:HardwareMJPEGDecoder::HardwareMJPEGDecoder()	8	static
C:/TouchGFXProjects/Display_NK624/CM7/TouchGFX/target/generated/HardwareMJPEGDecoder.cpp:98:5:int HardwareMJPEGDecoder::compare(uint32_t, const char*, uint32_t)	4	static
C:/TouchGFXProjects/Display_NK624/CM7/TouchGFX/target/generated/HardwareMJPEGDecoder.cpp:113:17:uint32_t HardwareMJPEGDecoder::getU32(uint32_t)	8	static
C:/TouchGFXProjects/Display_NK624/CM7/TouchGFX/target/generated/HardwareMJPEGDecoder.cpp:133:17:uint32_t HardwareMJPEGDecoder::getU16(uint32_t)	0	static
C:/TouchGFXProjects/Display_NK624/CM7/TouchGFX/target/generated/HardwareMJPEGDecoder.cpp:151:16:const uint8_t* HardwareMJPEGDecoder::readData(uint32_t, uint32_t)	16	static
C:/TouchGFXProjects/Display_NK624/CM7/TouchGFX/target/generated/HardwareMJPEGDecoder.cpp:226:6:virtual bool HardwareMJPEGDecoder::gotoNextFrame()	32	static
C:/TouchGFXProjects/Display_NK624/CM7/TouchGFX/target/generated/HardwareMJPEGDecoder.cpp:457:6:virtual void HardwareMJPEGDecoder::gotoFrame(uint32_t)	16	static
C:/TouchGFXProjects/Display_NK624/CM7/TouchGFX/target/generated/HardwareMJPEGDecoder.cpp:286:6:void HardwareMJPEGDecoder::readVideoHeader()	24	static
C:/TouchGFXProjects/Display_NK624/CM7/TouchGFX/target/generated/HardwareMJPEGDecoder.cpp:263:6:virtual void HardwareMJPEGDecoder::setVideoData(const uint8_t*, uint32_t)	0	static
C:/TouchGFXProjects/Display_NK624/CM7/TouchGFX/target/generated/HardwareMJPEGDecoder.cpp:272:6:virtual void HardwareMJPEGDecoder::setVideoData(touchgfx::VideoDataReader&)	8	static
C:/TouchGFXProjects/Display_NK624/CM7/TouchGFX/target/generated/HardwareMJPEGDecoder.cpp:504:10:uint32_t JPEG_Decode_DMA(JPEG_HandleTypeDef*, uint8_t*, uint32_t, uint8_t*)	24	static
C:/TouchGFXProjects/Display_NK624/CM7/TouchGFX/target/generated/HardwareMJPEGDecoder.cpp:535:6:void HAL_JPEG_InfoReadyCallback(JPEG_HandleTypeDef*, JPEG_ConfTypeDef*)	0	static
C:/TouchGFXProjects/Display_NK624/CM7/TouchGFX/target/generated/HardwareMJPEGDecoder.cpp:579:6:void HAL_JPEG_GetDataCallback(JPEG_HandleTypeDef*, uint32_t)	8	static
C:/TouchGFXProjects/Display_NK624/CM7/TouchGFX/target/generated/HardwareMJPEGDecoder.cpp:598:6:void HAL_JPEG_DataReadyCallback(JPEG_HandleTypeDef*, uint8_t*, uint32_t)	24	static
C:/TouchGFXProjects/Display_NK624/CM7/TouchGFX/target/generated/HardwareMJPEGDecoder.cpp:633:6:void HAL_JPEG_ErrorCallback(JPEG_HandleTypeDef*)	0	static,ignoring_inline_asm
C:/TouchGFXProjects/Display_NK624/CM7/TouchGFX/target/generated/HardwareMJPEGDecoder.cpp:646:6:void HAL_JPEG_DecodeCpltCallback(JPEG_HandleTypeDef*)	0	static
C:/TouchGFXProjects/Display_NK624/CM7/TouchGFX/target/generated/HardwareMJPEGDecoder.cpp:657:10:uint32_t JPEG_OutputHandler(JPEG_HandleTypeDef*)	16	static
C:/TouchGFXProjects/Display_NK624/CM7/TouchGFX/target/generated/HardwareMJPEGDecoder.cpp:388:6:void HardwareMJPEGDecoder::decodeMJPEGFrame(const uint8_t*, uint32_t, uint8_t*, uint16_t, uint16_t, uint32_t)	16	static
C:/TouchGFXProjects/Display_NK624/CM7/TouchGFX/target/generated/HardwareMJPEGDecoder.cpp:174:6:virtual bool HardwareMJPEGDecoder::decodeNextFrame(uint8_t*, uint16_t, uint16_t, uint32_t)	56	static
C:/TouchGFXProjects/Display_NK624/CM7/TouchGFX/target/generated/HardwareMJPEGDecoder.cpp:428:6:virtual bool HardwareMJPEGDecoder::decodeFrame(const touchgfx::Rect&, uint8_t*, uint32_t)	24	static
C:/TouchGFXProjects/Display_NK624/CM7/TouchGFX/target/generated/HardwareMJPEGDecoder.cpp:686:6:void DMA2D_CopyBuffer(JPEG_Data_BufferTypeDef&)	20	static
C:/TouchGFXProjects/Display_NK624/CM7/TouchGFX/target/generated/HardwareMJPEGDecoder.cpp:732:6:void DMA2D_ExternalJobCompleted(JPEG_Data_BufferTypeDef&)	0	static
