../Application/User/Core/FDCAN.c:181:21:CAN_Configure_Init	8	static
../Application/User/Core/FDCAN.c:235:6:CAN_Clean_Buffers	0	static
../Application/User/Core/FDCAN.c:256:21:CAN_Init	8	static
../Application/User/Core/FDCAN.c:302:6:CAN_Storage_INT	12	static
../Application/User/Core/FDCAN.c:326:6:CAN_Storage_NEGATIVE	0	static
../Application/User/Core/FDCAN.c:342:6:CAN_Storage_FLOAT	12	static
../Application/User/Core/FDCAN.c:366:6:CAN_Storage_DOUBLE	8	static
../Application/User/Core/FDCAN.c:130:21:CAN_Stream_ReceiveCallback	16	static
../Application/User/Core/FDCAN.c:85:6:HAL_FDCAN_RxFifo0Callback	16	static
../Application/User/Core/FDCAN.c:384:9:CAN_Get_value	0	static
../Application/User/Core/FDCAN.c:408:7:CAN_Get_value_FLOAT	0	static
../Application/User/Core/FDCAN.c:431:8:CAN_Get_value_DOUBLE	8	static
../Application/User/Core/FDCAN.c:456:21:CAN_TxData	32	static
../Application/User/Core/FDCAN.c:500:21:CAN_Send	16	static
../Application/User/Core/FDCAN.c:524:21:CAN_Send_Float	24	static
../Application/User/Core/FDCAN.c:549:21:CAN_Send_Double	16	static
