../Application/User/Core/FDCAN.c:205:21:CAN_Configure_Init	8	static
../Application/User/Core/FDCAN.c:259:6:CAN_Clean_Buffers	0	static
../Application/User/Core/FDCAN.c:280:21:CAN_Init	8	static
../Application/User/Core/FDCAN.c:326:6:CAN_Storage_INT	12	static
../Application/User/Core/FDCAN.c:350:6:CAN_Storage_NEGATIVE	0	static
../Application/User/Core/FDCAN.c:366:6:CAN_Storage_FLOAT	12	static
../Application/User/Core/FDCAN.c:390:6:CAN_Storage_DOUBLE	8	static
../Application/User/Core/FDCAN.c:150:21:CAN_Stream_ReceiveCallback	16	static
../Application/User/Core/FDCAN.c:91:6:HAL_FDCAN_RxFifo0Callback	24	static
../Application/User/Core/FDCAN.c:408:9:CAN_Get_value	0	static
../Application/User/Core/FDCAN.c:432:7:CAN_Get_value_FLOAT	0	static
../Application/User/Core/FDCAN.c:455:8:CAN_Get_value_DOUBLE	8	static
../Application/User/Core/FDCAN.c:480:21:CAN_TxData	24	static
../Application/User/Core/FDCAN.c:524:21:CAN_Send	16	static
../Application/User/Core/FDCAN.c:548:21:CAN_Send_Float	24	static
../Application/User/Core/FDCAN.c:573:21:CAN_Send_Double	16	static
