C:/TouchGFXProjects/Display_NK624/CM7/Core/Src/main.c:858:6:osTimer_BoardDataRATE	1
C:/TouchGFXProjects/Display_NK624/CM7/Core/Src/main.c:935:6:Error_Handler	1
C:/TouchGFXProjects/Display_NK624/CM7/Core/Src/main.c:844:6:osTimer_CanBusOFF	3
C:/TouchGFXProjects/Display_NK624/CM7/Core/Src/main.c:768:6:StartDefaultTask	1
C:/TouchGFXProjects/Display_NK624/CM7/Core/Src/main.c:788:13:TouchGFX_Task	1
C:/TouchGFXProjects/Display_NK624/CM7/Core/Src/main.c:806:6:osTask_sendCAN	1
C:/TouchGFXProjects/Display_NK624/CM7/Core/Src/main.c:318:6:SystemClock_Config	4
C:/TouchGFXProjects/Display_NK624/CM7/Core/Src/main.c:168:5:main	18
C:/TouchGFXProjects/Display_NK624/CM7/Core/Src/main.c:918:6:HAL_TIM_PeriodElapsedCallback	2
