C:/dev/tesla/Display/CM7/Core/Src/main.c:928:6:osTimer_BoardDataRATE	16	static
C:/dev/tesla/Display/CM7/Core/Src/main.c:1005:6:Error_Handler	0	static,ignoring_inline_asm
C:/dev/tesla/Display/CM7/Core/Src/main.c:914:6:osTimer_CanBusOFF	16	static
C:/dev/tesla/Display/CM7/Core/Src/main.c:813:6:StartDefaultTask	8	static
C:/dev/tesla/Display/CM7/Core/Src/main.c:833:13:TouchGFX_Task	8	static
C:/dev/tesla/Display/CM7/Core/Src/main.c:851:6:osTask_sendCAN	8	static
C:/dev/tesla/Display/CM7/Core/Src/main.c:868:6:osTask_DisplayTx	8	static
C:/dev/tesla/Display/CM7/Core/Src/main.c:898:6:changeScreenTaskFunc	8	static
C:/dev/tesla/Display/CM7/Core/Src/main.c:357:6:SystemClock_Config	136	static,ignoring_inline_asm
C:/dev/tesla/Display/CM7/Core/Src/main.c:201:5:main	144	static,ignoring_inline_asm
C:/dev/tesla/Display/CM7/Core/Src/main.c:988:6:HAL_TIM_PeriodElapsedCallback	0	static
