C:/dev/tesla/Display/CM7/Core/Src/main.c:928:6:osTimer_BoardDataRATE	1
C:/dev/tesla/Display/CM7/Core/Src/main.c:1005:6:Error_Handler	1
C:/dev/tesla/Display/CM7/Core/Src/main.c:914:6:osTimer_CanBusOFF	3
C:/dev/tesla/Display/CM7/Core/Src/main.c:813:6:StartDefaultTask	1
C:/dev/tesla/Display/CM7/Core/Src/main.c:833:13:TouchGFX_Task	1
C:/dev/tesla/Display/CM7/Core/Src/main.c:851:6:osTask_sendCAN	1
C:/dev/tesla/Display/CM7/Core/Src/main.c:868:6:osTask_DisplayTx	2
C:/dev/tesla/Display/CM7/Core/Src/main.c:898:6:changeScreenTaskFunc	2
C:/dev/tesla/Display/CM7/Core/Src/main.c:357:6:SystemClock_Config	4
C:/dev/tesla/Display/CM7/Core/Src/main.c:201:5:main	18
C:/dev/tesla/Display/CM7/Core/Src/main.c:988:6:HAL_TIM_PeriodElapsedCallback	2
