../../CM7/../../CM7/Middlewares/ST/touchgfx/framework/include/touchgfx/Screen.hpp:104:18:virtual void touchgfx::Screen::afterTransition()	0	static
../../CM7/../../CM7/Middlewares/ST/touchgfx/framework/include/touchgfx/Screen.hpp:154:18:virtual void touchgfx::Screen::handleKeyEvent(uint8_t)	0	static
C:/TouchGFXProjects/Display_NK624/CM7/TouchGFX/gui/src/animation_screen/ANIMATIONView.cpp:15:6:virtual void ANIMATIONView::tearDownScreen()	0	static
../../CM7/../../CM7/TouchGFX/gui/include/gui/animation_screen/ANIMATIONView.hpp:11:13:ANIMATIONView::~ANIMATIONView()	8	static
../../CM7/../../CM7/TouchGFX/gui/include/gui/animation_screen/ANIMATIONView.hpp:11:13:virtual ANIMATIONView::~ANIMATIONView()	8	static
../../CM7/../../CM7/Middlewares/ST/touchgfx/framework/include/touchgfx/widgets/Box.hpp:97:18:virtual void touchgfx::Box::invalidateContent() const	0	static
C:/TouchGFXProjects/Display_NK624/CM7/TouchGFX/gui/src/animation_screen/ANIMATIONView.cpp:20:6:virtual void ANIMATIONView::TransitionEnd_Animation()	16	static
C:/TouchGFXProjects/Display_NK624/CM7/TouchGFX/gui/src/animation_screen/ANIMATIONView.cpp:5:1:ANIMATIONView::ANIMATIONView()	8	static
C:/TouchGFXProjects/Display_NK624/CM7/TouchGFX/gui/src/animation_screen/ANIMATIONView.cpp:10:6:virtual void ANIMATIONView::setupScreen()	0	static
