../../CM7/../../CM7/TouchGFX/gui/include/gui/animation_screen/ANIMATIONPresenter.hpp:30:13:ANIMATIONPresenter::~ANIMATIONPresenter()	0	static
C:/dev/tesla/Display/CM7/TouchGFX/gui/src/animation_screen/ANIMATIONPresenter.cpp:10:6:virtual void ANIMATIONPresenter::activate()	0	static
C:/dev/tesla/Display/CM7/TouchGFX/gui/src/animation_screen/ANIMATIONPresenter.cpp:20:6:virtual void ANIMATIONPresenter::updateTick()	0	static
../../CM7/../../CM7/TouchGFX/gui/include/gui/animation_screen/ANIMATIONPresenter.hpp:30:13:virtual ANIMATIONPresenter::~ANIMATIONPresenter()	8	static
../../CM7/../../CM7/TouchGFX/gui/include/gui/animation_screen/ANIMATIONPresenter.hpp:30:13:virtual void* ANIMATIONPresenter::_ZThn4_N18ANIMATIONPresenterD1Ev()	0	static
C:/dev/tesla/Display/CM7/TouchGFX/gui/src/animation_screen/ANIMATIONPresenter.cpp:4:1:ANIMATIONPresenter::ANIMATIONPresenter(ANIMATIONView&)	8	static
