../../CM7/../../CM7/Middlewares/ST/touchgfx/framework/include/touchgfx/Screen.hpp:104:18:virtual void touchgfx::Screen::afterTransition()	0	static
../../CM7/../../CM7/Middlewares/ST/touchgfx/framework/include/touchgfx/Screen.hpp:154:18:virtual void touchgfx::Screen::handleKeyEvent(uint8_t)	0	static
C:/dev/tesla/Display/CM7/TouchGFX/gui/src/control_screen/CONTROLView.cpp:21:6:virtual void CONTROLView::tearDownScreen()	0	static
../../CM7/../../CM7/TouchGFX/gui/include/gui/control_screen/CONTROLView.hpp:27:10:CONTROLView::~CONTROLView()	8	static
../../CM7/../../CM7/TouchGFX/gui/include/gui/control_screen/CONTROLView.hpp:27:10:virtual CONTROLView::~CONTROLView()	8	static
../../CM7/../../CM7/Middlewares/ST/touchgfx/framework/include/touchgfx/Drawable.hpp:343:10:void touchgfx::Drawable::setXY(int16_t, int16_t)	16	static
../../CM7/../../CM7/Middlewares/ST/touchgfx/framework/include/touchgfx/widgets/Box.hpp:97:18:virtual void touchgfx::Box::invalidateContent() const	0	static
C:/dev/tesla/Display/CM7/TouchGFX/gui/src/control_screen/CONTROLView.cpp:14:1:CONTROLView::CONTROLView()	8	static
../../CM7/../../CM7/Middlewares/ST/touchgfx/framework/include/touchgfx/mixins/FadeAnimator.hpp:122:10:void touchgfx::FadeAnimator<T>::startFadeAnimation(uint8_t, uint16_t, touchgfx::EasingEquation) [with T = touchgfx::Box]	24	static
C:/dev/tesla/Display/CM7/TouchGFX/gui/src/control_screen/CONTROLView.cpp:26:6:virtual void CONTROLView::TransitionEnd_Control()	8	static
C:/dev/tesla/Display/CM7/TouchGFX/gui/src/control_screen/CONTROLView.cpp:17:6:virtual void CONTROLView::setupScreen()	0	static
C:/dev/tesla/Display/CM7/TouchGFX/gui/src/control_screen/CONTROLView.cpp:44:6:virtual void CONTROLView::LORA_Begin()	16	static
C:/dev/tesla/Display/CM7/TouchGFX/gui/src/control_screen/CONTROLView.cpp:60:6:virtual void CONTROLView::LORA_End()	16	static
C:/dev/tesla/Display/CM7/TouchGFX/gui/src/control_screen/CONTROLView.cpp:32:6:virtual void CONTROLView::TransitionBegin_Control()	8	static
C:/dev/tesla/Display/CM7/TouchGFX/gui/src/control_screen/CONTROLView.cpp:160:6:void CONTROLView::setIcon_LoRa(LoRa_Status_t)	24	static
C:/dev/tesla/Display/CM7/TouchGFX/gui/src/control_screen/CONTROLView.cpp:177:6:void CONTROLView::setIcon_Modo(Modo_t)	24	static
C:/dev/tesla/Display/CM7/TouchGFX/gui/src/control_screen/CONTROLView.cpp:209:6:void CONTROLView::setIcon_PopUp(uint8_t)	24	static
C:/dev/tesla/Display/CM7/TouchGFX/gui/src/control_screen/CONTROLView.cpp:73:6:virtual void CONTROLView::updateTick()	40	static
