../../CM7/../../CM7/TouchGFX/gui/include/gui/driver_screen/DRIVERPresenter.hpp:28:13:DRIVERPresenter::~DRIVERPresenter()	0	static
C:/TouchGFXProjects/Display_NK624/CM7/TouchGFX/gui/src/driver_screen/DRIVERPresenter.cpp:10:6:virtual void DRIVERPresenter::activate()	0	static
C:/TouchGFXProjects/Display_NK624/CM7/TouchGFX/gui/src/driver_screen/DRIVERPresenter.cpp:20:6:virtual void DRIVERPresenter::updateTick()	0	static
../../CM7/../../CM7/TouchGFX/gui/include/gui/driver_screen/DRIVERPresenter.hpp:28:13:virtual DRIVERPresenter::~DRIVERPresenter()	8	static
../../CM7/../../CM7/TouchGFX/gui/include/gui/driver_screen/DRIVERPresenter.hpp:28:13:virtual void* DRIVERPresenter::_ZThn4_N15DRIVERPresenterD1Ev()	0	static
C:/TouchGFXProjects/Display_NK624/CM7/TouchGFX/gui/src/driver_screen/DRIVERPresenter.cpp:4:1:DRIVERPresenter::DRIVERPresenter(DRIVERView&)	0	static
