../../CM7/../../CM7/Middlewares/ST/touchgfx/framework/include/touchgfx/Screen.hpp:104:18:virtual void touchgfx::Screen::afterTransition()	0	static
../../CM7/../../CM7/Middlewares/ST/touchgfx/framework/include/touchgfx/Screen.hpp:154:18:virtual void touchgfx::Screen::handleKeyEvent(uint8_t)	0	static
C:/TouchGFXProjects/Display_NK624/CM7/TouchGFX/gui/src/driver_screen/DRIVERView.cpp:23:6:virtual void DRIVERView::tearDownScreen()	0	static
../../CM7/../../CM7/TouchGFX/gui/include/gui/driver_screen/DRIVERView.hpp:26:13:DRIVERView::~DRIVERView()	8	static
../../CM7/../../CM7/TouchGFX/gui/include/gui/driver_screen/DRIVERView.hpp:26:13:virtual DRIVERView::~DRIVERView()	8	static
../../CM7/../../CM7/Middlewares/ST/touchgfx/framework/include/touchgfx/Drawable.hpp:343:10:void touchgfx::Drawable::setXY(int16_t, int16_t)	16	static
../../CM7/../../CM7/Middlewares/ST/touchgfx/framework/include/touchgfx/widgets/Box.hpp:97:18:virtual void touchgfx::Box::invalidateContent() const	0	static
C:/TouchGFXProjects/Display_NK624/CM7/TouchGFX/gui/src/driver_screen/DRIVERView.cpp:16:1:DRIVERView::DRIVERView()	8	static
../../CM7/../../CM7/Middlewares/ST/touchgfx/framework/include/touchgfx/mixins/FadeAnimator.hpp:122:10:void touchgfx::FadeAnimator<T>::startFadeAnimation(uint8_t, uint16_t, touchgfx::EasingEquation) [with T = touchgfx::Box]	24	static
C:/TouchGFXProjects/Display_NK624/CM7/TouchGFX/gui/src/driver_screen/DRIVERView.cpp:27:6:virtual void DRIVERView::TransitionEnd_Driver()	8	static
C:/TouchGFXProjects/Display_NK624/CM7/TouchGFX/gui/src/driver_screen/DRIVERView.cpp:19:6:virtual void DRIVERView::setupScreen()	0	static
C:/TouchGFXProjects/Display_NK624/CM7/TouchGFX/gui/src/driver_screen/DRIVERView.cpp:46:6:virtual void DRIVERView::LORA_Begin()	16	static
C:/TouchGFXProjects/Display_NK624/CM7/TouchGFX/gui/src/driver_screen/DRIVERView.cpp:62:6:virtual void DRIVERView::LORA_End()	16	static
C:/TouchGFXProjects/Display_NK624/CM7/TouchGFX/gui/src/driver_screen/DRIVERView.cpp:33:6:virtual void DRIVERView::TransitionBegin_Driver()	8	static
C:/TouchGFXProjects/Display_NK624/CM7/TouchGFX/gui/src/driver_screen/DRIVERView.cpp:129:6:void DRIVERView::setIcon_LoRa(LoRa_Status_t)	16	static
C:/TouchGFXProjects/Display_NK624/CM7/TouchGFX/gui/src/driver_screen/DRIVERView.cpp:146:6:void DRIVERView::setIcon_Modo(Modo_t)	16	static
C:/TouchGFXProjects/Display_NK624/CM7/TouchGFX/gui/src/driver_screen/DRIVERView.cpp:178:6:void DRIVERView::setIcon_PopUp(uint8_t)	24	static
C:/TouchGFXProjects/Display_NK624/CM7/TouchGFX/gui/src/driver_screen/DRIVERView.cpp:75:6:virtual void DRIVERView::updateTick()	24	static
