../../CM7/../../CM7/Middlewares/ST/touchgfx/framework/include/touchgfx/Screen.hpp:104:18:virtual void touchgfx::Screen::afterTransition()	0	static
../../CM7/../../CM7/Middlewares/ST/touchgfx/framework/include/touchgfx/Screen.hpp:154:18:virtual void touchgfx::Screen::handleKeyEvent(uint8_t)	0	static
C:/TouchGFXProjects/Display_NK624/CM7/TouchGFX/gui/src/safety_screen/SAFETYView.cpp:16:6:virtual void SAFETYView::tearDownScreen()	0	static
../../CM7/../../CM7/TouchGFX/gui/include/gui/safety_screen/SAFETYView.hpp:11:13:SAFETYView::~SAFETYView()	8	static
../../CM7/../../CM7/TouchGFX/gui/include/gui/safety_screen/SAFETYView.hpp:11:13:virtual SAFETYView::~SAFETYView()	8	static
C:/TouchGFXProjects/Display_NK624/CM7/TouchGFX/gui/src/safety_screen/SAFETYView.cpp:189:6:virtual void SAFETYView::updateTick()	8	static
../../CM7/../../CM7/Middlewares/ST/touchgfx/framework/include/touchgfx/Drawable.hpp:588:18:virtual void touchgfx::Drawable::moveTo(int16_t, int16_t)	4	static
../../CM7/../../CM7/Middlewares/ST/touchgfx/framework/include/touchgfx/widgets/Box.hpp:97:18:virtual void touchgfx::Box::invalidateContent() const	0	static
C:/TouchGFXProjects/Display_NK624/CM7/TouchGFX/gui/src/safety_screen/SAFETYView.cpp:7:1:SAFETYView::SAFETYView()	8	static
../../CM7/../../CM7/Middlewares/ST/touchgfx/framework/include/touchgfx/mixins/FadeAnimator.hpp:122:10:void touchgfx::FadeAnimator<T>::startFadeAnimation(uint8_t, uint16_t, touchgfx::EasingEquation) [with T = touchgfx::Box]	24	static
C:/TouchGFXProjects/Display_NK624/CM7/TouchGFX/gui/src/safety_screen/SAFETYView.cpp:32:6:virtual void SAFETYView::TransitionEnd_Safety()	8	static
../../CM7/../../CM7/Middlewares/ST/touchgfx/framework/include/touchgfx/mixins/MoveAnimator.hpp:131:10:void touchgfx::MoveAnimator<T>::startMoveAnimation(int16_t, int16_t, uint16_t, touchgfx::EasingEquation, touchgfx::EasingEquation) [with T = STACK_2_PopUp]	32	static
../../CM7/../../CM7/Middlewares/ST/touchgfx/framework/include/touchgfx/mixins/MoveAnimator.hpp:131:10:void touchgfx::MoveAnimator<T>::startMoveAnimation(int16_t, int16_t, uint16_t, touchgfx::EasingEquation, touchgfx::EasingEquation) [with T = STACK_3_PopUp]	32	static
../../CM7/../../CM7/Middlewares/ST/touchgfx/framework/include/touchgfx/mixins/MoveAnimator.hpp:131:10:void touchgfx::MoveAnimator<T>::startMoveAnimation(int16_t, int16_t, uint16_t, touchgfx::EasingEquation, touchgfx::EasingEquation) [with T = STACK_4_PopUp]	32	static
../../CM7/../../CM7/Middlewares/ST/touchgfx/framework/include/touchgfx/mixins/MoveAnimator.hpp:131:10:void touchgfx::MoveAnimator<T>::startMoveAnimation(int16_t, int16_t, uint16_t, touchgfx::EasingEquation, touchgfx::EasingEquation) [with T = STACK_5_PopUp]	32	static
C:/TouchGFXProjects/Display_NK624/CM7/TouchGFX/gui/src/safety_screen/SAFETYView.cpp:11:6:virtual void SAFETYView::setupScreen()	0	static
C:/TouchGFXProjects/Display_NK624/CM7/TouchGFX/gui/src/safety_screen/SAFETYView.cpp:21:6:virtual void SAFETYView::TransitionBegin_Safety()	8	static
C:/TouchGFXProjects/Display_NK624/CM7/TouchGFX/gui/src/safety_screen/SAFETYView.cpp:38:6:virtual void SAFETYView::STACK_1_Begin()	24	static
C:/TouchGFXProjects/Display_NK624/CM7/TouchGFX/gui/src/safety_screen/SAFETYView.cpp:53:6:virtual void SAFETYView::STACK_1_End()	16	static
C:/TouchGFXProjects/Display_NK624/CM7/TouchGFX/gui/src/safety_screen/SAFETYView.cpp:64:6:virtual void SAFETYView::STACK_2_Begin()	32	static
C:/TouchGFXProjects/Display_NK624/CM7/TouchGFX/gui/src/safety_screen/SAFETYView.cpp:78:6:virtual void SAFETYView::STACK_2_End()	24	static
C:/TouchGFXProjects/Display_NK624/CM7/TouchGFX/gui/src/safety_screen/SAFETYView.cpp:89:6:virtual void SAFETYView::STACK_3_Begin()	32	static
C:/TouchGFXProjects/Display_NK624/CM7/TouchGFX/gui/src/safety_screen/SAFETYView.cpp:103:6:virtual void SAFETYView::STACK_3_End()	24	static
C:/TouchGFXProjects/Display_NK624/CM7/TouchGFX/gui/src/safety_screen/SAFETYView.cpp:114:6:virtual void SAFETYView::STACK_4_Begin()	32	static
C:/TouchGFXProjects/Display_NK624/CM7/TouchGFX/gui/src/safety_screen/SAFETYView.cpp:128:6:virtual void SAFETYView::STACK_4_End()	24	static
C:/TouchGFXProjects/Display_NK624/CM7/TouchGFX/gui/src/safety_screen/SAFETYView.cpp:139:6:virtual void SAFETYView::STACK_5_Begin()	32	static
C:/TouchGFXProjects/Display_NK624/CM7/TouchGFX/gui/src/safety_screen/SAFETYView.cpp:153:6:virtual void SAFETYView::STACK_5_End()	24	static
C:/TouchGFXProjects/Display_NK624/CM7/TouchGFX/gui/src/safety_screen/SAFETYView.cpp:164:6:virtual void SAFETYView::LORA_Begin()	24	static
C:/TouchGFXProjects/Display_NK624/CM7/TouchGFX/gui/src/safety_screen/SAFETYView.cpp:178:6:virtual void SAFETYView::LORA_End()	16	static
