../../CM7/../../CM7/Middlewares/ST/touchgfx/framework/include/touchgfx/Screen.hpp:104:18:virtual void touchgfx::Screen::afterTransition()	0	static
../../CM7/../../CM7/Middlewares/ST/touchgfx/framework/include/touchgfx/Screen.hpp:154:18:virtual void touchgfx::Screen::handleKeyEvent(uint8_t)	0	static
C:/dev/tesla/Display/CM7/TouchGFX/gui/src/safety_screen/SAFETYView.cpp:18:6:virtual void SAFETYView::tearDownScreen()	0	static
../../CM7/../../CM7/TouchGFX/gui/include/gui/safety_screen/SAFETYView.hpp:27:10:SAFETYView::~SAFETYView()	8	static
../../CM7/../../CM7/TouchGFX/gui/include/gui/safety_screen/SAFETYView.hpp:27:10:virtual SAFETYView::~SAFETYView()	8	static
../../CM7/../../CM7/Middlewares/ST/touchgfx/framework/include/touchgfx/Drawable.hpp:343:10:void touchgfx::Drawable::setXY(int16_t, int16_t)	16	static
../../CM7/../../CM7/Middlewares/ST/touchgfx/framework/include/touchgfx/Drawable.hpp:588:18:virtual void touchgfx::Drawable::moveTo(int16_t, int16_t)	4	static
../../CM7/../../CM7/Middlewares/ST/touchgfx/framework/include/touchgfx/widgets/Box.hpp:97:18:virtual void touchgfx::Box::invalidateContent() const	0	static
C:/dev/tesla/Display/CM7/TouchGFX/gui/src/safety_screen/SAFETYView.cpp:11:1:SAFETYView::SAFETYView()	8	static
../../CM7/../../CM7/Middlewares/ST/touchgfx/framework/include/touchgfx/mixins/FadeAnimator.hpp:122:10:void touchgfx::FadeAnimator<T>::startFadeAnimation(uint8_t, uint16_t, touchgfx::EasingEquation) [with T = touchgfx::Box]	24	static
C:/dev/tesla/Display/CM7/TouchGFX/gui/src/safety_screen/SAFETYView.cpp:33:6:virtual void SAFETYView::TransitionEnd_Safety()	8	static
../../CM7/../../CM7/Middlewares/ST/touchgfx/framework/include/touchgfx/mixins/MoveAnimator.hpp:131:10:void touchgfx::MoveAnimator<T>::startMoveAnimation(int16_t, int16_t, uint16_t, touchgfx::EasingEquation, touchgfx::EasingEquation) [with T = STACK_1_PopUp]	32	static
../../CM7/../../CM7/Middlewares/ST/touchgfx/framework/include/touchgfx/mixins/MoveAnimator.hpp:131:10:void touchgfx::MoveAnimator<T>::startMoveAnimation(int16_t, int16_t, uint16_t, touchgfx::EasingEquation, touchgfx::EasingEquation) [with T = STACK_2_PopUp]	32	static
../../CM7/../../CM7/Middlewares/ST/touchgfx/framework/include/touchgfx/mixins/MoveAnimator.hpp:131:10:void touchgfx::MoveAnimator<T>::startMoveAnimation(int16_t, int16_t, uint16_t, touchgfx::EasingEquation, touchgfx::EasingEquation) [with T = STACK_3_PopUp]	32	static
../../CM7/../../CM7/Middlewares/ST/touchgfx/framework/include/touchgfx/mixins/MoveAnimator.hpp:131:10:void touchgfx::MoveAnimator<T>::startMoveAnimation(int16_t, int16_t, uint16_t, touchgfx::EasingEquation, touchgfx::EasingEquation) [with T = STACK_4_PopUp]	32	static
../../CM7/../../CM7/Middlewares/ST/touchgfx/framework/include/touchgfx/mixins/MoveAnimator.hpp:131:10:void touchgfx::MoveAnimator<T>::startMoveAnimation(int16_t, int16_t, uint16_t, touchgfx::EasingEquation, touchgfx::EasingEquation) [with T = STACK_5_PopUp]	32	static
../../CM7/../../CM7/Middlewares/ST/touchgfx/framework/include/touchgfx/mixins/MoveAnimator.hpp:131:10:void touchgfx::MoveAnimator<T>::startMoveAnimation(int16_t, int16_t, uint16_t, touchgfx::EasingEquation, touchgfx::EasingEquation) [with T = STACK_6_PopUp]	32	static
C:/dev/tesla/Display/CM7/TouchGFX/gui/src/safety_screen/SAFETYView.cpp:14:6:virtual void SAFETYView::setupScreen()	0	static
C:/dev/tesla/Display/CM7/TouchGFX/gui/src/safety_screen/SAFETYView.cpp:22:6:virtual void SAFETYView::TransitionBegin_Safety()	8	static
C:/dev/tesla/Display/CM7/TouchGFX/gui/src/safety_screen/SAFETYView.cpp:39:6:virtual void SAFETYView::STACK_1_Begin()	32	static
C:/dev/tesla/Display/CM7/TouchGFX/gui/src/safety_screen/SAFETYView.cpp:56:6:virtual void SAFETYView::STACK_1_End()	24	static
C:/dev/tesla/Display/CM7/TouchGFX/gui/src/safety_screen/SAFETYView.cpp:69:6:virtual void SAFETYView::STACK_2_Begin()	32	static
C:/dev/tesla/Display/CM7/TouchGFX/gui/src/safety_screen/SAFETYView.cpp:85:6:virtual void SAFETYView::STACK_2_End()	24	static
C:/dev/tesla/Display/CM7/TouchGFX/gui/src/safety_screen/SAFETYView.cpp:98:6:virtual void SAFETYView::STACK_3_Begin()	32	static
C:/dev/tesla/Display/CM7/TouchGFX/gui/src/safety_screen/SAFETYView.cpp:114:6:virtual void SAFETYView::STACK_3_End()	24	static
C:/dev/tesla/Display/CM7/TouchGFX/gui/src/safety_screen/SAFETYView.cpp:127:6:virtual void SAFETYView::STACK_4_Begin()	32	static
C:/dev/tesla/Display/CM7/TouchGFX/gui/src/safety_screen/SAFETYView.cpp:143:6:virtual void SAFETYView::STACK_4_End()	24	static
C:/dev/tesla/Display/CM7/TouchGFX/gui/src/safety_screen/SAFETYView.cpp:156:6:virtual void SAFETYView::STACK_5_Begin()	32	static
C:/dev/tesla/Display/CM7/TouchGFX/gui/src/safety_screen/SAFETYView.cpp:172:6:virtual void SAFETYView::STACK_5_End()	24	static
C:/dev/tesla/Display/CM7/TouchGFX/gui/src/safety_screen/SAFETYView.cpp:185:6:virtual void SAFETYView::STACK_6_Begin()	32	static
C:/dev/tesla/Display/CM7/TouchGFX/gui/src/safety_screen/SAFETYView.cpp:201:6:virtual void SAFETYView::STACK_6_End()	24	static
C:/dev/tesla/Display/CM7/TouchGFX/gui/src/safety_screen/SAFETYView.cpp:214:6:virtual void SAFETYView::LORA_Begin()	24	static
C:/dev/tesla/Display/CM7/TouchGFX/gui/src/safety_screen/SAFETYView.cpp:230:6:virtual void SAFETYView::LORA_End()	16	static
C:/dev/tesla/Display/CM7/TouchGFX/gui/src/safety_screen/SAFETYView.cpp:385:6:void SAFETYView::setIcon_LoRa(LoRa_Status_t)	24	static
C:/dev/tesla/Display/CM7/TouchGFX/gui/src/safety_screen/SAFETYView.cpp:402:6:void SAFETYView::setIcon_Modo(Modo_t)	24	static
C:/dev/tesla/Display/CM7/TouchGFX/gui/src/safety_screen/SAFETYView.cpp:434:6:void SAFETYView::setIcon_PopUp(uint8_t)	24	static
C:/dev/tesla/Display/CM7/TouchGFX/gui/src/safety_screen/SAFETYView.cpp:243:6:virtual void SAFETYView::updateTick()	48	static
