../Application/User/Core/FDCAN.c:91:6:HAL_FDCAN_RxFifo0Callback	24	static
../Application/User/Core/FDCAN.c:152:21:CAN_Stream_ReceiveCallback	32	static
../Application/User/Core/FDCAN.c:207:21:CAN_Configure_Init	8	static
../Application/User/Core/FDCAN.c:261:6:CAN_Clean_Buffers	16	static
../Application/User/Core/FDCAN.c:282:21:CAN_Init	8	static
../Application/User/Core/FDCAN.c:328:6:CAN_Storage_INT	24	static
../Application/User/Core/FDCAN.c:352:6:CAN_Storage_NEGATIVE	16	static
../Application/User/Core/FDCAN.c:368:6:CAN_Storage_FLOAT	24	static
../Application/User/Core/FDCAN.c:392:6:CAN_Storage_DOUBLE	24	static
../Application/User/Core/FDCAN.c:410:9:CAN_Get_value	24	static
../Application/User/Core/FDCAN.c:434:7:CAN_Get_value_FLOAT	24	static
../Application/User/Core/FDCAN.c:457:8:CAN_Get_value_DOUBLE	24	static
../Application/User/Core/FDCAN.c:482:21:CAN_TxData	64	static
../Application/User/Core/FDCAN.c:526:21:CAN_Send	32	static
../Application/User/Core/FDCAN.c:550:21:CAN_Send_Float	32	static
../Application/User/Core/FDCAN.c:575:21:CAN_Send_Double	40	static
