C:/dev/tesla/Display/CM7/Core/Src/main.c:201:5:main	32	static,ignoring_inline_asm
C:/dev/tesla/Display/CM7/Core/Src/main.c:357:6:SystemClock_Config	120	static
C:/dev/tesla/Display/CM7/Core/Src/main.c:419:13:MX_CRC_Init	8	static
C:/dev/tesla/Display/CM7/Core/Src/main.c:450:13:MX_DMA2D_Init	8	static
C:/dev/tesla/Display/CM7/Core/Src/main.c:490:13:MX_FDCAN2_Init	8	static
C:/dev/tesla/Display/CM7/Core/Src/main.c:543:13:MX_JPEG_Init	8	static
C:/dev/tesla/Display/CM7/Core/Src/main.c:569:13:MX_LTDC_Init	64	static
C:/dev/tesla/Display/CM7/Core/Src/main.c:631:13:MX_QUADSPI_Init	8	static
C:/dev/tesla/Display/CM7/Core/Src/main.c:663:13:MX_MDMA_Init	16	static
C:/dev/tesla/Display/CM7/Core/Src/main.c:678:6:MX_FMC_Init	40	static
C:/dev/tesla/Display/CM7/Core/Src/main.c:729:13:MX_GPIO_Init	72	static
C:/dev/tesla/Display/CM7/Core/Src/main.c:813:6:StartDefaultTask	16	static
C:/dev/tesla/Display/CM7/Core/Src/main.c:833:13:TouchGFX_Task	16	static
C:/dev/tesla/Display/CM7/Core/Src/main.c:851:6:osTask_sendCAN	16	static
C:/dev/tesla/Display/CM7/Core/Src/main.c:868:6:osTask_DisplayTx	16	static
C:/dev/tesla/Display/CM7/Core/Src/main.c:898:6:changeScreenTaskFunc	16	static
C:/dev/tesla/Display/CM7/Core/Src/main.c:914:6:osTimer_CanBusOFF	16	static
C:/dev/tesla/Display/CM7/Core/Src/main.c:928:6:osTimer_BoardDataRATE	16	static
C:/dev/tesla/Display/CM7/Core/Src/main.c:945:6:MPU_Config	24	static
C:/dev/tesla/Display/CM7/Core/Src/main.c:988:6:HAL_TIM_PeriodElapsedCallback	16	static
C:/dev/tesla/Display/CM7/Core/Src/main.c:1005:6:Error_Handler	4	static,ignoring_inline_asm
