C:/dev/tesla/Display/CM7/Core/Src/main.c:191:5:main	32	static,ignoring_inline_asm
C:/dev/tesla/Display/CM7/Core/Src/main.c:344:6:SystemClock_Config	120	static
C:/dev/tesla/Display/CM7/Core/Src/main.c:406:13:MX_CRC_Init	8	static
C:/dev/tesla/Display/CM7/Core/Src/main.c:437:13:MX_DMA2D_Init	8	static
C:/dev/tesla/Display/CM7/Core/Src/main.c:477:13:MX_FDCAN2_Init	8	static
C:/dev/tesla/Display/CM7/Core/Src/main.c:530:13:MX_JPEG_Init	8	static
C:/dev/tesla/Display/CM7/Core/Src/main.c:556:13:MX_LTDC_Init	64	static
C:/dev/tesla/Display/CM7/Core/Src/main.c:618:13:MX_QUADSPI_Init	8	static
C:/dev/tesla/Display/CM7/Core/Src/main.c:650:13:MX_MDMA_Init	16	static
C:/dev/tesla/Display/CM7/Core/Src/main.c:665:6:MX_FMC_Init	40	static
C:/dev/tesla/Display/CM7/Core/Src/main.c:716:13:MX_GPIO_Init	72	static
C:/dev/tesla/Display/CM7/Core/Src/main.c:800:6:StartDefaultTask	16	static
C:/dev/tesla/Display/CM7/Core/Src/main.c:820:13:TouchGFX_Task	16	static
C:/dev/tesla/Display/CM7/Core/Src/main.c:838:6:osTask_sendCAN	16	static
C:/dev/tesla/Display/CM7/Core/Src/main.c:855:6:osTask_DisplayTx	16	static
C:/dev/tesla/Display/CM7/Core/Src/main.c:879:6:osTimer_CanBusOFF	16	static
C:/dev/tesla/Display/CM7/Core/Src/main.c:893:6:osTimer_BoardDataRATE	16	static
C:/dev/tesla/Display/CM7/Core/Src/main.c:910:6:MPU_Config	24	static
C:/dev/tesla/Display/CM7/Core/Src/main.c:953:6:HAL_TIM_PeriodElapsedCallback	16	static
C:/dev/tesla/Display/CM7/Core/Src/main.c:970:6:Error_Handler	4	static,ignoring_inline_asm
