C:/dev/tesla/Display/CM7/Core/Src/main.c:201:5:main	11
C:/dev/tesla/Display/CM7/Core/Src/main.c:357:6:SystemClock_Config	4
C:/dev/tesla/Display/CM7/Core/Src/main.c:419:13:MX_CRC_Init	2
C:/dev/tesla/Display/CM7/Core/Src/main.c:450:13:MX_DMA2D_Init	3
C:/dev/tesla/Display/CM7/Core/Src/main.c:490:13:MX_FDCAN2_Init	2
C:/dev/tesla/Display/CM7/Core/Src/main.c:543:13:MX_JPEG_Init	2
C:/dev/tesla/Display/CM7/Core/Src/main.c:569:13:MX_LTDC_Init	3
C:/dev/tesla/Display/CM7/Core/Src/main.c:631:13:MX_QUADSPI_Init	2
C:/dev/tesla/Display/CM7/Core/Src/main.c:663:13:MX_MDMA_Init	1
C:/dev/tesla/Display/CM7/Core/Src/main.c:678:6:MX_FMC_Init	2
C:/dev/tesla/Display/CM7/Core/Src/main.c:729:13:MX_GPIO_Init	1
C:/dev/tesla/Display/CM7/Core/Src/main.c:813:6:StartDefaultTask	1
C:/dev/tesla/Display/CM7/Core/Src/main.c:833:13:TouchGFX_Task	1
C:/dev/tesla/Display/CM7/Core/Src/main.c:851:6:osTask_sendCAN	1
C:/dev/tesla/Display/CM7/Core/Src/main.c:868:6:osTask_DisplayTx	2
C:/dev/tesla/Display/CM7/Core/Src/main.c:898:6:changeScreenTaskFunc	2
C:/dev/tesla/Display/CM7/Core/Src/main.c:914:6:osTimer_CanBusOFF	3
C:/dev/tesla/Display/CM7/Core/Src/main.c:928:6:osTimer_BoardDataRATE	1
C:/dev/tesla/Display/CM7/Core/Src/main.c:945:6:MPU_Config	1
C:/dev/tesla/Display/CM7/Core/Src/main.c:988:6:HAL_TIM_PeriodElapsedCallback	2
C:/dev/tesla/Display/CM7/Core/Src/main.c:1005:6:Error_Handler	1
