C:/dev/tesla/Display_NK624/CM7/Core/Src/stm32h7xx_hal_msp.c:68:6:HAL_MspInit	16	static
C:/dev/tesla/Display_NK624/CM7/Core/Src/stm32h7xx_hal_msp.c:91:6:HAL_CRC_MspInit	24	static
C:/dev/tesla/Display_NK624/CM7/Core/Src/stm32h7xx_hal_msp.c:113:6:HAL_CRC_MspDeInit	16	static
C:/dev/tesla/Display_NK624/CM7/Core/Src/stm32h7xx_hal_msp.c:135:6:HAL_DMA2D_MspInit	24	static
C:/dev/tesla/Display_NK624/CM7/Core/Src/stm32h7xx_hal_msp.c:160:6:HAL_DMA2D_MspDeInit	16	static
C:/dev/tesla/Display_NK624/CM7/Core/Src/stm32h7xx_hal_msp.c:185:6:HAL_FDCAN_MspInit	240	static
C:/dev/tesla/Display_NK624/CM7/Core/Src/stm32h7xx_hal_msp.c:237:6:HAL_FDCAN_MspDeInit	16	static
C:/dev/tesla/Display_NK624/CM7/Core/Src/stm32h7xx_hal_msp.c:269:6:HAL_JPEG_MspInit	24	static
C:/dev/tesla/Display_NK624/CM7/Core/Src/stm32h7xx_hal_msp.c:352:6:HAL_JPEG_MspDeInit	16	static
C:/dev/tesla/Display_NK624/CM7/Core/Src/stm32h7xx_hal_msp.c:381:6:HAL_LTDC_MspInit	256	static
C:/dev/tesla/Display_NK624/CM7/Core/Src/stm32h7xx_hal_msp.c:493:6:HAL_LTDC_MspDeInit	16	static
C:/dev/tesla/Display_NK624/CM7/Core/Src/stm32h7xx_hal_msp.c:561:6:HAL_QSPI_MspInit	256	static
C:/dev/tesla/Display_NK624/CM7/Core/Src/stm32h7xx_hal_msp.c:657:6:HAL_QSPI_MspDeInit	16	static
C:/dev/tesla/Display_NK624/CM7/Core/Src/stm32h7xx_hal_msp.c:698:13:HAL_FMC_MspInit	232	static
C:/dev/tesla/Display_NK624/CM7/Core/Src/stm32h7xx_hal_msp.c:807:6:HAL_SDRAM_MspInit	16	static
C:/dev/tesla/Display_NK624/CM7/Core/Src/stm32h7xx_hal_msp.c:819:13:HAL_FMC_MspDeInit	8	static
C:/dev/tesla/Display_NK624/CM7/Core/Src/stm32h7xx_hal_msp.c:891:6:HAL_SDRAM_MspDeInit	16	static
