Screen.hpp:104:18:virtual void touchgfx::Screen::afterTransition()	0	static
Screen.hpp:154:18:virtual void touchgfx::Screen::handleKeyEvent(uint8_t)	0	static
CONTROLView.cpp:18:6:virtual void CONTROLView::tearDownScreen()	0	static
CONTROLView.hpp:27:10:CONTROLView::~CONTROLView()	8	static
CONTROLView.hpp:27:10:virtual CONTROLView::~CONTROLView()	8	static
Drawable.hpp:343:10:void touchgfx::Drawable::setXY(int16_t, int16_t)	16	static
Box.hpp:97:18:virtual void touchgfx::Box::invalidateContent() const	0	static
CONTROLView.cpp:11:1:CONTROLView::CONTROLView()	8	static
FadeAnimator.hpp:122:10:void touchgfx::FadeAnimator<T>::startFadeAnimation(uint8_t, uint16_t, touchgfx::EasingEquation) [with T = touchgfx::Box]	24	static
CONTROLView.cpp:23:6:virtual void CONTROLView::TransitionEnd_Control()	8	static
CONTROLView.cpp:14:6:virtual void CONTROLView::setupScreen()	0	static
CONTROLView.cpp:41:6:virtual void CONTROLView::LORA_Begin()	16	static
CONTROLView.cpp:57:6:virtual void CONTROLView::LORA_End()	16	static
CONTROLView.cpp:29:6:virtual void CONTROLView::TransitionBegin_Control()	16	static
CONTROLView.cpp:145:6:void CONTROLView::setIcon_LoRa(LoRa_Status_t)	16	static
CONTROLView.cpp:162:6:void CONTROLView::setIcon_Modo(Modo_t)	16	static
CONTROLView.cpp:194:6:void CONTROLView::setIcon_PopUp(uint8_t)	24	static
CONTROLView.cpp:70:6:virtual void CONTROLView::updateTick()	32	static
